  Activating project at `C:\Users\fabre\Documents\www\NICE2020`
┌ Warning: FAIRv2 model monte carlo simulation should not be set to start with a year differing from 1750 as initial conditions are not calibrated for a different start year!
└ @ MimiFAIRv2 C:\Users\fabre\.julia\packages\MimiFAIRv2\QX18G\src\MimiFAIRv2.jl:33
┌ Warning: FAIRv2 model monte carlo simulation should not be set to start with a year differing from 1750 as initial conditions are not calibrated for a different start year!
└ @ MimiFAIRv2 C:\Users\fabre\.julia\packages\MimiFAIRv2\QX18G\src\MimiFAIRv2.jl:33
┌ Info: Running proposal scenario
└   name = "Duflo"
┌ Warning: FAIRv2 model monte carlo simulation should not be set to start with a year differing from 1750 as initial conditions are not calibrated for a different start year!
└ @ MimiFAIRv2 C:\Users\fabre\.julia\packages\MimiFAIRv2\QX18G\src\MimiFAIRv2.jl:33
┌ Warning: FAIRv2 model monte carlo simulation should not be set to start with a year differing from 1750 as initial conditions are not calibrated for a different start year!
└ @ MimiFAIRv2 C:\Users\fabre\.julia\packages\MimiFAIRv2\QX18G\src\MimiFAIRv2.jl:33
┌ Warning: price calibration did not fully converge
│   label = "p_ref/Duflo"
│   err = 0.10395683050357615
└ @ Main C:\Users\fabre\Documents\www\NICE2020\src\equivalent_rights_proposals.jl:628
┌ Info: chunk start
│   scenario = "duflo"
│   k = 3
│   n = 4
└   n_entities = 45
┌ Warning: FAIRv2 model monte carlo simulation should not be set to start with a year differing from 1750 as initial conditions are not calibrated for a different start year!
└ @ MimiFAIRv2 C:\Users\fabre\.julia\packages\MimiFAIRv2\QX18G\src\MimiFAIRv2.jl:33
┌ Info: chunk done
│   scenario = "duflo"
│   k = 3
└   n = 4
